// Jest Snapshot v1, https://goo.gl/fbAQLP

exports[`matches snapshot 1`] = `
<div
  className="MuiBox-root MuiBox-root-4"
>
  <div
    className="MuiBox-root MuiBox-root-5"
  >
    <p
      className="MuiTypography-root MuiTypography-body1"
    >
       Favor selecione abaixo as cotações de criptomoedas a serem exibidas 
    </p>
  </div>
  <div
    className="MuiBox-root MuiBox-root-6"
  >
    <div
      className="basic-multi-select css-2b097c-container"
      onKeyDown={[Function]}
    >
      <div
        className="select__control css-yk16xz-control"
        onMouseDown={[Function]}
        onTouchEnd={[Function]}
      >
        <div
          className="select__value-container select__value-container--is-multi css-g1d714-ValueContainer"
        >
          <div
            className="select__placeholder css-1wa3eu0-placeholder"
          >
            Select...
          </div>
          <div
            className="css-b8ldur-Input"
          >
            <div
              className="select__input"
              style={
                Object {
                  "display": "inline-block",
                }
              }
            >
              <input
                aria-autocomplete="list"
                autoCapitalize="none"
                autoComplete="off"
                autoCorrect="off"
                disabled={false}
                id="react-select-3-input"
                onBlur={[Function]}
                onChange={[Function]}
                onFocus={[Function]}
                spellCheck="false"
                style={
                  Object {
                    "background": 0,
                    "border": 0,
                    "boxSizing": "content-box",
                    "color": "inherit",
                    "fontSize": "inherit",
                    "label": "input",
                    "opacity": 1,
                    "outline": 0,
                    "padding": 0,
                    "width": "1px",
                  }
                }
                tabIndex="0"
                type="text"
                value=""
              />
              <div
                style={
                  Object {
                    "height": 0,
                    "left": 0,
                    "overflow": "scroll",
                    "position": "absolute",
                    "top": 0,
                    "visibility": "hidden",
                    "whiteSpace": "pre",
                  }
                }
              >
                
              </div>
            </div>
          </div>
        </div>
        <div
          className="select__indicators css-1hb7zxy-IndicatorsContainer"
        >
          <span
            className="select__indicator-separator css-1okebmr-indicatorSeparator"
          />
          <div
            aria-hidden="true"
            className="select__indicator select__dropdown-indicator css-tlfecz-indicatorContainer"
            onMouseDown={[Function]}
            onTouchEnd={[Function]}
          >
            <svg
              aria-hidden="true"
              className="css-6q0nyr-Svg"
              focusable="false"
              height={20}
              viewBox="0 0 20 20"
              width={20}
            >
              <path
                d="M4.516 7.548c0.436-0.446 1.043-0.481 1.576 0l3.908 3.747 3.908-3.747c0.533-0.481 1.141-0.446 1.574 0 0.436 0.445 0.408 1.197 0 1.615-0.406 0.418-4.695 4.502-4.695 4.502-0.217 0.223-0.502 0.335-0.787 0.335s-0.57-0.112-0.789-0.335c0 0-4.287-4.084-4.695-4.502s-0.436-1.17 0-1.615z"
              />
            </svg>
          </div>
        </div>
      </div>
      <div>
        <input
          name="colors"
          type="hidden"
        />
      </div>
    </div>
  </div>
  <div
    className="MuiTableContainer-root"
  >
    <table
      aria-label="sticky table"
      className="MuiTable-root"
      id="tabela"
      role={null}
    >
      <thead
        className="MuiTableHead-root"
        role={null}
      >
        <tr
          className="MuiTableRow-root MuiTableRow-head"
          role={null}
        >
          <th
            aria-sort={null}
            className="MuiTableCell-root MuiTableCell-head MuiTableCell-sizeSmall"
            scope="col"
          >
            Nome
          </th>
          <th
            aria-sort={null}
            className="MuiTableCell-root MuiTableCell-head MuiTableCell-alignRight MuiTableCell-sizeSmall"
            scope="col"
          >
            Último
          </th>
          <th
            aria-sort={null}
            className="MuiTableCell-root MuiTableCell-head MuiTableCell-alignRight MuiTableCell-sizeSmall"
            scope="col"
          >
            Menor Pedido
          </th>
          <th
            aria-sort={null}
            className="MuiTableCell-root MuiTableCell-head MuiTableCell-alignRight MuiTableCell-sizeSmall"
            scope="col"
          >
            Maior Oferta
          </th>
          <th
            aria-sort={null}
            className="MuiTableCell-root MuiTableCell-head MuiTableCell-alignRight MuiTableCell-sizeSmall"
            scope="col"
          >
            Mudança Percentual
          </th>
          <th
            aria-sort={null}
            className="MuiTableCell-root MuiTableCell-head MuiTableCell-alignRight MuiTableCell-sizeSmall"
            scope="col"
          >
            Volume Base
          </th>
          <th
            aria-sort={null}
            className="MuiTableCell-root MuiTableCell-head MuiTableCell-alignRight MuiTableCell-sizeSmall"
            scope="col"
          >
            Volume Quotação
          </th>
          <th
            aria-sort={null}
            className="MuiTableCell-root MuiTableCell-head MuiTableCell-alignRight MuiTableCell-sizeSmall"
            scope="col"
          >
            Congelado 
            <br />
             ( 0 = Não, 1 = Sim)
          </th>
          <th
            aria-sort={null}
            className="MuiTableCell-root MuiTableCell-head MuiTableCell-alignRight MuiTableCell-sizeSmall"
            scope="col"
          >
            Maior 24hr
          </th>
          <th
            aria-sort={null}
            className="MuiTableCell-root MuiTableCell-head MuiTableCell-alignRight MuiTableCell-sizeSmall"
            scope="col"
          >
            Menor 24hr
          </th>
        </tr>
      </thead>
      <tbody
        className="MuiTableBody-root"
        role={null}
      />
    </table>
  </div>
</div>
`;
